// Vitest Snapshot v1, https://vitest.dev/guide/snapshot.html

exports[`AC5 config drift — recallTopK > Path A nudge — default branch matches the snapshot and references both K values 1`] = `
"[sno-mem-claw] installed. recallTopK=20 (default; tuned for the 384-token retrieval chunk profile).
[sno-mem-claw] Run leaner? \`openclaw config set plugins.entries.sno-mem-claw.config.retrieval.recallTopK 15\` — ~20-25% fewer injected tokens, may narrow recall coverage.
[sno-mem-claw] Re-tune later: open Control UI → Plugins → sno-mem-claw, or run \`openclaw config set ...\` above."
`;

exports[`AC5 config drift — recallTopK > Path A nudge — lean branch matches the snapshot and inverts the chosen/alt K 1`] = `
"[sno-mem-claw] installed. recallTopK=15 (lean; ~20-25% fewer injected tokens than default).
[sno-mem-claw] Restore default? \`openclaw config set plugins.entries.sno-mem-claw.config.retrieval.recallTopK 20\` — wider recall coverage at higher token cost.
[sno-mem-claw] Re-tune later: open Control UI → Plugins → sno-mem-claw, or run \`openclaw config set ...\` above."
`;
